// Jest Snapshot v1, https://goo.gl/fbAQLP

exports[`oo-worker complex worker should contain tasks 1`] = `
Array [
  Object {
    "action": [Function],
    "id": 0,
    "priority": 0,
  },
  Object {
    "action": [Function],
    "id": 1,
    "priority": 1,
  },
  Object {
    "action": [Function],
    "id": 2,
    "priority": 2,
  },
  Object {
    "action": [Function],
    "id": 3,
    "priority": 3,
  },
  Object {
    "action": [Function],
    "id": 4,
    "priority": 4,
  },
  Object {
    "action": [Function],
    "id": 5,
    "priority": 5,
  },
  Object {
    "action": [Function],
    "id": 6,
    "priority": 6,
  },
  Object {
    "action": [Function],
    "id": 7,
    "priority": 7,
  },
  Object {
    "action": [Function],
    "id": 8,
    "priority": 8,
  },
  Object {
    "action": [Function],
    "id": 9,
    "priority": 9,
  },
  Object {
    "action": [Function],
    "id": 10,
    "priority": 10,
  },
  Object {
    "action": [Function],
    "id": 11,
    "priority": 11,
  },
  Object {
    "action": [Function],
    "id": 12,
    "priority": 12,
  },
  Object {
    "action": [Function],
    "id": 13,
    "priority": 13,
  },
  Object {
    "action": [Function],
    "id": 14,
    "priority": 14,
  },
  Object {
    "action": [Function],
    "id": 15,
    "priority": 15,
  },
  Object {
    "action": [Function],
    "id": 16,
    "priority": 16,
  },
  Object {
    "action": [Function],
    "id": 17,
    "priority": 17,
  },
  Object {
    "action": [Function],
    "id": 18,
    "priority": 18,
  },
  Object {
    "action": [Function],
    "id": 19,
    "priority": 19,
  },
  Object {
    "action": [Function],
    "id": 20,
    "priority": 20,
  },
  Object {
    "action": [Function],
    "id": 21,
    "priority": 21,
  },
  Object {
    "action": [Function],
    "id": 22,
    "priority": 22,
  },
  Object {
    "action": [Function],
    "id": 23,
    "priority": 23,
  },
  Object {
    "action": [Function],
    "id": 24,
    "priority": 24,
  },
]
`;
